<source>:5: error: cannot add 'i32' to 'bool'
    5 |     5 + true;
      |     ~ ^ ~~~~
