<source>:5:7: error: cannot add 'i32' to 'bool'
    5 |     5 + true;
      |     ~ ^ ~~~~
