error: argument to '-fmax-errors' should be an integer
error: argument to '-fdiagnostics-column-origin' should be an integer
