<source>:4:1: error: unexpected token, found '%'
<source>:5:1: error: unexpected token, found '%'
<source>:6:1: error: unexpected token, found '%'
