error: missing argument to '-fmax-errors'
error: missing argument to '-fdiagnostics-column-origin'
error: missing argument to '-o'
