error: unknown command-line option '-unknown-opt'
